PS D:\coding\GIT_Work_Space\drug-analytics-api-python> pytest .\tests\test_s3_repository.py
========================================================== test session starts ===========================================================
platform win32 -- Python 3.12.7, pytest-8.4.2, pluggy-1.6.0
rootdir: D:\coding\GIT_Work_Space\drug-analytics-api-python
plugins: anyio-4.11.0, asyncio-1.2.0, cov-7.0.0
asyncio: mode=Mode.STRICT, debug=False, asyncio_default_fixture_loop_scope=None, asyncio_default_test_loop_scope=function
collected 4 items                                                                                                                         

tests\test_s3_repository.py FFF.                                                                                                    [100%]

================================================================ FAILURES ================================================================
_______________________________________________ TestS3Repository.test_upload_file_success ________________________________________________

self = <src.repositories.s3_repository.S3Repository object at 0x0000022630A27350>, file = <_io.BytesIO object at 0x000002262F9D8A40>
filename = 'test.csv'

    def upload_file(self, file: BinaryIO, filename: str) -> dict:
        """
        Upload a file to S3.
    
        Args:
            file: File object to upload
            filename: Original filename

        Returns:
            dict: Upload metadata including s3_key and location

        Raises:
            S3Exception: If upload fails
        """
        try:
            # Generate unique S3 key
            s3_key = self._generate_s3_key(filename)

            # Upload to S3
>           self.s3_client.upload_fileobj(
                file,
                self.bucket_name,
                s3_key,
                ExtraArgs={'ContentType': 'text/csv'}
            )

src\repositories\s3_repository.py:40:
_ _ _ _ _ _ _ _ _ _ _ _ _ _ _ _ _ _ _ _ _ _ _ _ _ _ _ _ _ _ _ _ _ _ _ _ _ _ _ _ _ _ _ _ _ _ _ _ _ _ _ _ _ _ _ _ _ _ _ _ _ _ _ _ _ _ _ _ _  
C:\Users\ktsun\AppData\Local\Programs\Python\Python312\Lib\site-packages\botocore\context.py:123: in wrapper
    return func(*args, **kwargs)
           ^^^^^^^^^^^^^^^^^^^^^
C:\Users\ktsun\AppData\Local\Programs\Python\Python312\Lib\site-packages\boto3\s3\inject.py:675: in upload_fileobj
    return future.result()
           ^^^^^^^^^^^^^^^
C:\Users\ktsun\AppData\Local\Programs\Python\Python312\Lib\site-packages\s3transfer\futures.py:111: in result
    return self._coordinator.result()
           ^^^^^^^^^^^^^^^^^^^^^^^^^^
C:\Users\ktsun\AppData\Local\Programs\Python\Python312\Lib\site-packages\s3transfer\futures.py:287: in result
    raise self._exception
C:\Users\ktsun\AppData\Local\Programs\Python\Python312\Lib\site-packages\s3transfer\tasks.py:142: in __call__
    return self._execute_main(kwargs)
           ^^^^^^^^^^^^^^^^^^^^^^^^^^
C:\Users\ktsun\AppData\Local\Programs\Python\Python312\Lib\site-packages\s3transfer\tasks.py:165: in _execute_main
    return_value = self._main(**kwargs)
                   ^^^^^^^^^^^^^^^^^^^^
C:\Users\ktsun\AppData\Local\Programs\Python\Python312\Lib\site-packages\s3transfer\upload.py:796: in _main
    client.put_object(Bucket=bucket, Key=key, Body=body, **extra_args)
C:\Users\ktsun\AppData\Local\Programs\Python\Python312\Lib\site-packages\botocore\client.py:602: in _api_call
    return self._make_api_call(operation_name, kwargs)
           ^^^^^^^^^^^^^^^^^^^^^^^^^^^^^^^^^^^^^^^^^^^
C:\Users\ktsun\AppData\Local\Programs\Python\Python312\Lib\site-packages\botocore\context.py:123: in wrapper
    return func(*args, **kwargs)
           ^^^^^^^^^^^^^^^^^^^^^
_ _ _ _ _ _ _ _ _ _ _ _ _ _ _ _ _ _ _ _ _ _ _ _ _ _ _ _ _ _ _ _ _ _ _ _ _ _ _ _ _ _ _ _ _ _ _ _ _ _ _ _ _ _ _ _ _ _ _ _ _ _ _ _ _ _ _ _ _  

self = <botocore.client.S3 object at 0x0000022631A1A390>, operation_name = 'PutObject'
api_params = {'Body': <s3transfer.utils.ReadFileChunk object at 0x0000022631A8E030>, 'Bucket': 'drug-analytics-dev-482227257749', 'ChecksumAlgorithm': 'CRC32', 'ContentType': 'text/csv', ...}

    @with_current_context()
    def _make_api_call(self, operation_name, api_params):
        operation_model = self._service_model.operation_model(operation_name)
        service_name = self._service_model.service_name
        history_recorder.record(
            'API_CALL',
            {
                'service': service_name,
                'operation': operation_name,
                'params': api_params,
            },
        )
        if operation_model.deprecated:
            logger.debug(
                'Warning: %s.%s() is deprecated', service_name, operation_name
            )
        request_context = {
            'client_region': self.meta.region_name,
            'client_config': self.meta.config,
            'has_streaming_input': operation_model.has_streaming_input,
            'auth_type': operation_model.resolved_auth_type,
            'unsigned_payload': operation_model.unsigned_payload,
            'auth_options': self._service_model.metadata.get('auth'),
        }

        api_params = self._emit_api_params(
            api_params=api_params,
            operation_model=operation_model,
            context=request_context,
        )
        (
            endpoint_url,
            additional_headers,
            properties,
        ) = self._resolve_endpoint_ruleset(
            operation_model, api_params, request_context
        )
        if properties:
            # Pass arbitrary endpoint info with the Request
            # for use during construction.
            request_context['endpoint_properties'] = properties
        request_dict = self._convert_to_request_dict(
            api_params=api_params,
            operation_model=operation_model,
            endpoint_url=endpoint_url,
            context=request_context,
            headers=additional_headers,
        )
        resolve_checksum_context(request_dict, operation_model, api_params)

        service_id = self._service_model.service_id.hyphenize()
        handler, event_response = self.meta.events.emit_until_response(
            f'before-call.{service_id}.{operation_name}',
            model=operation_model,
            params=request_dict,
            request_signer=self._request_signer,
            context=request_context,
        )

        if event_response is not None:
            http, parsed_response = event_response
        else:
            maybe_compress_request(
                self.meta.config, request_dict, operation_model
            )
            apply_request_checksum(request_dict)
            http, parsed_response = self._make_request(
                operation_model, request_dict, request_context
            )

        self.meta.events.emit(
            f'after-call.{service_id}.{operation_name}',
            http_response=http,
            parsed=parsed_response,
            model=operation_model,
            context=request_context,
        )

        if http.status_code >= 300:
            error_info = parsed_response.get("Error", {})
            error_code = request_context.get(
                'error_code_override'
            ) or error_info.get("Code")
            error_class = self.exceptions.from_code(error_code)
>           raise error_class(parsed_response, operation_name)
E           botocore.errorfactory.NoSuchBucket: An error occurred (NoSuchBucket) when calling the PutObject operation: The specified bucket does not exist

C:\Users\ktsun\AppData\Local\Programs\Python\Python312\Lib\site-packages\botocore\client.py:1078: NoSuchBucket

The above exception was the direct cause of the following exception:

self = <tests.test_s3_repository.TestS3Repository object at 0x000002262F0CF860>

    @mock_aws
    def test_upload_file_success(self):
        """Test successful file upload to S3."""
        # Reload settings inside mock context
        from src.core import config
        config.settings = config.Settings()

        # Create test bucket
        s3 = boto3.client('s3', region_name='us-east-1')
        s3.create_bucket(Bucket='test-bucket')

        # Verify bucket exists
        buckets = s3.list_buckets()
        print(f"Buckets after creation: {[b['Name'] for b in buckets['Buckets']]}")

        # Create repository
        repo = S3Repository()
        print(f"Repo bucket name: {repo.bucket_name}")

        # Verify repo can see the bucket
        repo_buckets = repo.s3_client.list_buckets()
        print(f"Buckets visible to repo: {[b['Name'] for b in repo_buckets['Buckets']]}")

        file_content = b"drug_name,target,efficacy\nAspirin,COX-2,85.5"
        file = io.BytesIO(file_content)
        filename = "test.csv"

>       result = repo.upload_file(file, filename)
                 ^^^^^^^^^^^^^^^^^^^^^^^^^^^^^^^^

tests\test_s3_repository.py:59:
_ _ _ _ _ _ _ _ _ _ _ _ _ _ _ _ _ _ _ _ _ _ _ _ _ _ _ _ _ _ _ _ _ _ _ _ _ _ _ _ _ _ _ _ _ _ _ _ _ _ _ _ _ _ _ _ _ _ _ _ _ _ _ _ _ _ _ _ _  

self = <src.repositories.s3_repository.S3Repository object at 0x0000022630A27350>, file = <_io.BytesIO object at 0x000002262F9D8A40>       
filename = 'test.csv'

    def upload_file(self, file: BinaryIO, filename: str) -> dict:
        """
        Upload a file to S3.

        Args:
            file: File object to upload
            filename: Original filename

        Returns:
            dict: Upload metadata including s3_key and location

        Raises:
            S3Exception: If upload fails
        """
        try:
            # Generate unique S3 key
            s3_key = self._generate_s3_key(filename)

            # Upload to S3
            self.s3_client.upload_fileobj(
                file,
                self.bucket_name,
                s3_key,
                ExtraArgs={'ContentType': 'text/csv'}
            )

            # Generate S3 location URL
            s3_location = f"s3://{self.bucket_name}/{s3_key}"

            return {
                's3_key': s3_key,
                's3_location': s3_location,
                'bucket': self.bucket_name,
                'upload_timestamp': datetime.utcnow().isoformat()
            }

        except ClientError as e:
>           raise S3Exception(f"Failed to upload file to S3: {str(e)}") from e
E           src.core.exceptions.S3Exception: Failed to upload file to S3: An error occurred (NoSuchBucket) when calling the PutObject operation: The specified bucket does not exist

src\repositories\s3_repository.py:58: S3Exception
---------------------------------------------------------- Captured stdout call ---------------------------------------------------------- 
Buckets after creation: ['test-bucket']
Repo bucket name: drug-analytics-dev-482227257749
Buckets visible to repo: ['test-bucket']
________________________________________ TestS3Repository.test_upload_file_generates_unique_keys _________________________________________ 

self = <src.repositories.s3_repository.S3Repository object at 0x0000022631C7CAA0>, file = <_io.BytesIO object at 0x000002262F9CBD30>       
filename = 'test.csv'

    def upload_file(self, file: BinaryIO, filename: str) -> dict:
        """
        Upload a file to S3.

        Args:
            file: File object to upload
            filename: Original filename

        Returns:
            dict: Upload metadata including s3_key and location

        Raises:
            S3Exception: If upload fails
        """
        try:
            # Generate unique S3 key
            s3_key = self._generate_s3_key(filename)

            # Upload to S3
>           self.s3_client.upload_fileobj(
                file,
                self.bucket_name,
                s3_key,
                ExtraArgs={'ContentType': 'text/csv'}
            )

src\repositories\s3_repository.py:40:
_ _ _ _ _ _ _ _ _ _ _ _ _ _ _ _ _ _ _ _ _ _ _ _ _ _ _ _ _ _ _ _ _ _ _ _ _ _ _ _ _ _ _ _ _ _ _ _ _ _ _ _ _ _ _ _ _ _ _ _ _ _ _ _ _ _ _ _ _  
C:\Users\ktsun\AppData\Local\Programs\Python\Python312\Lib\site-packages\botocore\context.py:123: in wrapper
    return func(*args, **kwargs)
           ^^^^^^^^^^^^^^^^^^^^^
C:\Users\ktsun\AppData\Local\Programs\Python\Python312\Lib\site-packages\boto3\s3\inject.py:675: in upload_fileobj
    return future.result()
           ^^^^^^^^^^^^^^^
C:\Users\ktsun\AppData\Local\Programs\Python\Python312\Lib\site-packages\s3transfer\futures.py:111: in result
    return self._coordinator.result()
           ^^^^^^^^^^^^^^^^^^^^^^^^^^
C:\Users\ktsun\AppData\Local\Programs\Python\Python312\Lib\site-packages\s3transfer\futures.py:287: in result
    raise self._exception
C:\Users\ktsun\AppData\Local\Programs\Python\Python312\Lib\site-packages\s3transfer\tasks.py:142: in __call__
    return self._execute_main(kwargs)
           ^^^^^^^^^^^^^^^^^^^^^^^^^^
C:\Users\ktsun\AppData\Local\Programs\Python\Python312\Lib\site-packages\s3transfer\tasks.py:165: in _execute_main
    return_value = self._main(**kwargs)
                   ^^^^^^^^^^^^^^^^^^^^
C:\Users\ktsun\AppData\Local\Programs\Python\Python312\Lib\site-packages\s3transfer\upload.py:796: in _main
    client.put_object(Bucket=bucket, Key=key, Body=body, **extra_args)
C:\Users\ktsun\AppData\Local\Programs\Python\Python312\Lib\site-packages\botocore\client.py:602: in _api_call
    return self._make_api_call(operation_name, kwargs)
           ^^^^^^^^^^^^^^^^^^^^^^^^^^^^^^^^^^^^^^^^^^^
C:\Users\ktsun\AppData\Local\Programs\Python\Python312\Lib\site-packages\botocore\context.py:123: in wrapper
    return func(*args, **kwargs)
           ^^^^^^^^^^^^^^^^^^^^^
_ _ _ _ _ _ _ _ _ _ _ _ _ _ _ _ _ _ _ _ _ _ _ _ _ _ _ _ _ _ _ _ _ _ _ _ _ _ _ _ _ _ _ _ _ _ _ _ _ _ _ _ _ _ _ _ _ _ _ _ _ _ _ _ _ _ _ _ _  

self = <botocore.client.S3 object at 0x0000022632A80B00>, operation_name = 'PutObject'
api_params = {'Body': <s3transfer.utils.ReadFileChunk object at 0x0000022632AAF3E0>, 'Bucket': 'drug-analytics-dev-482227257749', 'ChecksumAlgorithm': 'CRC32', 'ContentType': 'text/csv', ...}

    @with_current_context()
    def _make_api_call(self, operation_name, api_params):
        operation_model = self._service_model.operation_model(operation_name)
        service_name = self._service_model.service_name
        history_recorder.record(
            'API_CALL',
            {
                'service': service_name,
                'operation': operation_name,
                'params': api_params,
            },
        )
        if operation_model.deprecated:
            logger.debug(
                'Warning: %s.%s() is deprecated', service_name, operation_name
            )
        request_context = {
            'client_region': self.meta.region_name,
            'client_config': self.meta.config,
            'has_streaming_input': operation_model.has_streaming_input,
            'auth_type': operation_model.resolved_auth_type,
            'unsigned_payload': operation_model.unsigned_payload,
            'auth_options': self._service_model.metadata.get('auth'),
        }

        api_params = self._emit_api_params(
            api_params=api_params,
            operation_model=operation_model,
            context=request_context,
        )
        (
            endpoint_url,
            additional_headers,
            properties,
        ) = self._resolve_endpoint_ruleset(
            operation_model, api_params, request_context
        )
        if properties:
            # Pass arbitrary endpoint info with the Request
            # for use during construction.
            request_context['endpoint_properties'] = properties
        request_dict = self._convert_to_request_dict(
            api_params=api_params,
            operation_model=operation_model,
            endpoint_url=endpoint_url,
            context=request_context,
            headers=additional_headers,
        )
        resolve_checksum_context(request_dict, operation_model, api_params)

        service_id = self._service_model.service_id.hyphenize()
        handler, event_response = self.meta.events.emit_until_response(
            f'before-call.{service_id}.{operation_name}',
            model=operation_model,
            params=request_dict,
            request_signer=self._request_signer,
            context=request_context,
        )

        if event_response is not None:
            http, parsed_response = event_response
        else:
            maybe_compress_request(
                self.meta.config, request_dict, operation_model
            )
            apply_request_checksum(request_dict)
            http, parsed_response = self._make_request(
                operation_model, request_dict, request_context
            )

        self.meta.events.emit(
            f'after-call.{service_id}.{operation_name}',
            http_response=http,
            parsed=parsed_response,
            model=operation_model,
            context=request_context,
        )

        if http.status_code >= 300:
            error_info = parsed_response.get("Error", {})
            error_code = request_context.get(
                'error_code_override'
            ) or error_info.get("Code")
            error_class = self.exceptions.from_code(error_code)
>           raise error_class(parsed_response, operation_name)
E           botocore.errorfactory.NoSuchBucket: An error occurred (NoSuchBucket) when calling the PutObject operation: The specified bucket does not exist

C:\Users\ktsun\AppData\Local\Programs\Python\Python312\Lib\site-packages\botocore\client.py:1078: NoSuchBucket

The above exception was the direct cause of the following exception:

self = <tests.test_s3_repository.TestS3Repository object at 0x000002262F9B68D0>

    @mock_aws
    def test_upload_file_generates_unique_keys(self):
        """Test that multiple uploads generate unique S3 keys."""
        # Reload settings inside mock context
        from src.core import config
        config.settings = config.Settings()

        # Create test bucket
        s3 = boto3.client('s3', region_name='us-east-1')
        s3.create_bucket(Bucket='test-bucket')

        # Create repository
        repo = S3Repository()

        file1 = io.BytesIO(b"content1")
        file2 = io.BytesIO(b"content2")

>       result1 = repo.upload_file(file1, "test.csv")
                  ^^^^^^^^^^^^^^^^^^^^^^^^^^^^^^^^^^^

tests\test_s3_repository.py:82:
_ _ _ _ _ _ _ _ _ _ _ _ _ _ _ _ _ _ _ _ _ _ _ _ _ _ _ _ _ _ _ _ _ _ _ _ _ _ _ _ _ _ _ _ _ _ _ _ _ _ _ _ _ _ _ _ _ _ _ _ _ _ _ _ _ _ _ _ _  

self = <src.repositories.s3_repository.S3Repository object at 0x0000022631C7CAA0>, file = <_io.BytesIO object at 0x000002262F9CBD30>       
filename = 'test.csv'

    def upload_file(self, file: BinaryIO, filename: str) -> dict:
        """
        Upload a file to S3.

        Args:
            file: File object to upload
            filename: Original filename

        Returns:
            dict: Upload metadata including s3_key and location

        Raises:
            S3Exception: If upload fails
        """
        try:
            # Generate unique S3 key
            s3_key = self._generate_s3_key(filename)

            # Upload to S3
            self.s3_client.upload_fileobj(
                file,
                self.bucket_name,
                s3_key,
                ExtraArgs={'ContentType': 'text/csv'}
            )

            # Generate S3 location URL
            s3_location = f"s3://{self.bucket_name}/{s3_key}"

            return {
                's3_key': s3_key,
                's3_location': s3_location,
                'bucket': self.bucket_name,
                'upload_timestamp': datetime.utcnow().isoformat()
            }

        except ClientError as e:
>           raise S3Exception(f"Failed to upload file to S3: {str(e)}") from e
E           src.core.exceptions.S3Exception: Failed to upload file to S3: An error occurred (NoSuchBucket) when calling the PutObject operation: The specified bucket does not exist

src\repositories\s3_repository.py:58: S3Exception
_________________________________________________ TestS3Repository.test_get_file_success _________________________________________________ 

self = <src.repositories.s3_repository.S3Repository object at 0x00000226327B3A70>, file = <_io.BytesIO object at 0x0000022631B1BD80>       
filename = 'test.csv'

    def upload_file(self, file: BinaryIO, filename: str) -> dict:
        """
        Upload a file to S3.

        Args:
            file: File object to upload
            filename: Original filename

        Returns:
            dict: Upload metadata including s3_key and location

        Raises:
            S3Exception: If upload fails
        """
        try:
            # Generate unique S3 key
            s3_key = self._generate_s3_key(filename)

            # Upload to S3
>           self.s3_client.upload_fileobj(
                file,
                self.bucket_name,
                s3_key,
                ExtraArgs={'ContentType': 'text/csv'}
            )

src\repositories\s3_repository.py:40:
_ _ _ _ _ _ _ _ _ _ _ _ _ _ _ _ _ _ _ _ _ _ _ _ _ _ _ _ _ _ _ _ _ _ _ _ _ _ _ _ _ _ _ _ _ _ _ _ _ _ _ _ _ _ _ _ _ _ _ _ _ _ _ _ _ _ _ _ _  
C:\Users\ktsun\AppData\Local\Programs\Python\Python312\Lib\site-packages\botocore\context.py:123: in wrapper
    return func(*args, **kwargs)
           ^^^^^^^^^^^^^^^^^^^^^
C:\Users\ktsun\AppData\Local\Programs\Python\Python312\Lib\site-packages\boto3\s3\inject.py:675: in upload_fileobj
    return future.result()
           ^^^^^^^^^^^^^^^
C:\Users\ktsun\AppData\Local\Programs\Python\Python312\Lib\site-packages\s3transfer\futures.py:111: in result
    return self._coordinator.result()
           ^^^^^^^^^^^^^^^^^^^^^^^^^^
C:\Users\ktsun\AppData\Local\Programs\Python\Python312\Lib\site-packages\s3transfer\futures.py:287: in result
    raise self._exception
C:\Users\ktsun\AppData\Local\Programs\Python\Python312\Lib\site-packages\s3transfer\tasks.py:142: in __call__
    return self._execute_main(kwargs)
           ^^^^^^^^^^^^^^^^^^^^^^^^^^
C:\Users\ktsun\AppData\Local\Programs\Python\Python312\Lib\site-packages\s3transfer\tasks.py:165: in _execute_main
    return_value = self._main(**kwargs)
                   ^^^^^^^^^^^^^^^^^^^^
C:\Users\ktsun\AppData\Local\Programs\Python\Python312\Lib\site-packages\s3transfer\upload.py:796: in _main
    client.put_object(Bucket=bucket, Key=key, Body=body, **extra_args)
C:\Users\ktsun\AppData\Local\Programs\Python\Python312\Lib\site-packages\botocore\client.py:602: in _api_call
    return self._make_api_call(operation_name, kwargs)
           ^^^^^^^^^^^^^^^^^^^^^^^^^^^^^^^^^^^^^^^^^^^
C:\Users\ktsun\AppData\Local\Programs\Python\Python312\Lib\site-packages\botocore\context.py:123: in wrapper
    return func(*args, **kwargs)
           ^^^^^^^^^^^^^^^^^^^^^
_ _ _ _ _ _ _ _ _ _ _ _ _ _ _ _ _ _ _ _ _ _ _ _ _ _ _ _ _ _ _ _ _ _ _ _ _ _ _ _ _ _ _ _ _ _ _ _ _ _ _ _ _ _ _ _ _ _ _ _ _ _ _ _ _ _ _ _ _  

self = <botocore.client.S3 object at 0x0000022632A17710>, operation_name = 'PutObject'
api_params = {'Body': <s3transfer.utils.ReadFileChunk object at 0x0000022630CE6150>, 'Bucket': 'drug-analytics-dev-482227257749', 'ChecksumAlgorithm': 'CRC32', 'ContentType': 'text/csv', ...}

    @with_current_context()
    def _make_api_call(self, operation_name, api_params):
        operation_model = self._service_model.operation_model(operation_name)
        service_name = self._service_model.service_name
        history_recorder.record(
            'API_CALL',
            {
                'service': service_name,
                'operation': operation_name,
                'params': api_params,
            },
        )
        if operation_model.deprecated:
            logger.debug(
                'Warning: %s.%s() is deprecated', service_name, operation_name
            )
        request_context = {
            'client_region': self.meta.region_name,
            'client_config': self.meta.config,
            'has_streaming_input': operation_model.has_streaming_input,
            'auth_type': operation_model.resolved_auth_type,
            'unsigned_payload': operation_model.unsigned_payload,
            'auth_options': self._service_model.metadata.get('auth'),
        }

        api_params = self._emit_api_params(
            api_params=api_params,
            operation_model=operation_model,
            context=request_context,
        )
        (
            endpoint_url,
            additional_headers,
            properties,
        ) = self._resolve_endpoint_ruleset(
            operation_model, api_params, request_context
        )
        if properties:
            # Pass arbitrary endpoint info with the Request
            # for use during construction.
            request_context['endpoint_properties'] = properties
        request_dict = self._convert_to_request_dict(
            api_params=api_params,
            operation_model=operation_model,
            endpoint_url=endpoint_url,
            context=request_context,
            headers=additional_headers,
        )
        resolve_checksum_context(request_dict, operation_model, api_params)

        service_id = self._service_model.service_id.hyphenize()
        handler, event_response = self.meta.events.emit_until_response(
            f'before-call.{service_id}.{operation_name}',
            model=operation_model,
            params=request_dict,
            request_signer=self._request_signer,
            context=request_context,
        )

        if event_response is not None:
            http, parsed_response = event_response
        else:
            maybe_compress_request(
                self.meta.config, request_dict, operation_model
            )
            apply_request_checksum(request_dict)
            http, parsed_response = self._make_request(
                operation_model, request_dict, request_context
            )

        self.meta.events.emit(
            f'after-call.{service_id}.{operation_name}',
            http_response=http,
            parsed=parsed_response,
            model=operation_model,
            context=request_context,
        )

        if http.status_code >= 300:
            error_info = parsed_response.get("Error", {})
            error_code = request_context.get(
                'error_code_override'
            ) or error_info.get("Code")
            error_class = self.exceptions.from_code(error_code)
>           raise error_class(parsed_response, operation_name)
E           botocore.errorfactory.NoSuchBucket: An error occurred (NoSuchBucket) when calling the PutObject operation: The specified bucket does not exist

C:\Users\ktsun\AppData\Local\Programs\Python\Python312\Lib\site-packages\botocore\client.py:1078: NoSuchBucket

The above exception was the direct cause of the following exception:

self = <tests.test_s3_repository.TestS3Repository object at 0x000002262F9B6AB0>

    @mock_aws
    def test_get_file_success(self):
        """Test successful file retrieval from S3."""
        # Reload settings inside mock context
        from src.core import config
        config.settings = config.Settings()

        # Create test bucket
        s3 = boto3.client('s3', region_name='us-east-1')
        s3.create_bucket(Bucket='test-bucket')

        # Create repository
        repo = S3Repository()

        file_content = b"drug_name,target,efficacy\nAspirin,COX-2,85.5"
        file = io.BytesIO(file_content)

>       upload_result = repo.upload_file(file, "test.csv")
                        ^^^^^^^^^^^^^^^^^^^^^^^^^^^^^^^^^^

tests\test_s3_repository.py:104:
_ _ _ _ _ _ _ _ _ _ _ _ _ _ _ _ _ _ _ _ _ _ _ _ _ _ _ _ _ _ _ _ _ _ _ _ _ _ _ _ _ _ _ _ _ _ _ _ _ _ _ _ _ _ _ _ _ _ _ _ _ _ _ _ _ _ _ _ _  

self = <src.repositories.s3_repository.S3Repository object at 0x00000226327B3A70>, file = <_io.BytesIO object at 0x0000022631B1BD80>       
filename = 'test.csv'

    def upload_file(self, file: BinaryIO, filename: str) -> dict:
        """
        Upload a file to S3.

        Args:
            file: File object to upload
            filename: Original filename

        Returns:
            dict: Upload metadata including s3_key and location

        Raises:
            S3Exception: If upload fails
        """
        try:
            # Generate unique S3 key
            s3_key = self._generate_s3_key(filename)

            # Upload to S3
            self.s3_client.upload_fileobj(
                file,
                self.bucket_name,
                s3_key,
                ExtraArgs={'ContentType': 'text/csv'}
            )

            # Generate S3 location URL
            s3_location = f"s3://{self.bucket_name}/{s3_key}"

            return {
                's3_key': s3_key,
                's3_location': s3_location,
                'bucket': self.bucket_name,
                'upload_timestamp': datetime.utcnow().isoformat()
            }

        except ClientError as e:
>           raise S3Exception(f"Failed to upload file to S3: {str(e)}") from e
E           src.core.exceptions.S3Exception: Failed to upload file to S3: An error occurred (NoSuchBucket) when calling the PutObject operation: The specified bucket does not exist

src\repositories\s3_repository.py:58: S3Exception
============================================================ warnings summary ============================================================ 
src\core\config.py:9
  D:\coding\GIT_Work_Space\drug-analytics-api-python\src\core\config.py:9: PydanticDeprecatedSince20: Support for class-based `config` is deprecated, use ConfigDict instead. Deprecated in Pydantic V2.0 to be removed in V3.0. See Pydantic V2 Migration Guide at https://errors.pydantic.dev/2.12/migration/
    class Settings(BaseSettings):

tests/test_s3_repository.py::TestS3Repository::test_upload_file_success
tests/test_s3_repository.py::TestS3Repository::test_upload_file_generates_unique_keys
tests/test_s3_repository.py::TestS3Repository::test_get_file_success
  D:\coding\GIT_Work_Space\drug-analytics-api-python\src\repositories\s3_repository.py:68: DeprecationWarning: datetime.datetime.utcnow() is deprecated and scheduled for removal in a future version. Use timezone-aware objects to represent datetimes in UTC: datetime.datetime.now(datetime.UTC).
    now = datetime.utcnow()

-- Docs: https://docs.pytest.org/en/stable/how-to/capture-warnings.html
======================================================== short test summary info ========================================================= 
FAILED tests/test_s3_repository.py::TestS3Repository::test_upload_file_success - src.core.exceptions.S3Exception: Failed to upload file to S3: An error occurred (NoSuchBucket) when calling the PutObject operation: T...
FAILED tests/test_s3_repository.py::TestS3Repository::test_upload_file_generates_unique_keys - src.core.exceptions.S3Exception: Failed to upload file to S3: An error occurred (NoSuchBucket) when calling the PutObject operation: T...
FAILED tests/test_s3_repository.py::TestS3Repository::test_get_file_success - src.core.exceptions.S3Exception: Failed to upload file to S3: An error occurred (NoSuchBucket) when calling the PutObject operation: T...
================================================ 3 failed, 1 passed, 4 warnings in 1.83s ================================================= 
PS D:\coding\GIT_Work_Space\drug-analytics-api-python> 